// Jest Snapshot v1, https://goo.gl/fbAQLP

exports[`matches snapshot 1`] = `
<DocumentFragment>
  <form
    class="NewTodoForm"
  >
    <label
      class="NewTodoFOrm-label-description"
      for="description"
    >
      What do you need to do?
    </label>
    <input
      class="NewTodoForm-input-description"
      id="description"
      name="description"
      placeholder="Pick up groceries"
      type="text"
      value=""
    />
    <button
      class="NewTodoForm-button"
    >
      ADD
    </button>
  </form>
</DocumentFragment>
`;
